new_obj.to_string()=[ 1.200000, 3.400000, 123456.780000, 5.000000, 23000000000.000000 ]
new_obj.to_string()=[1.2,3.4,123456.78,5.0,23000000000.0]
