input: "\ud840\udd26,\ud840\udd27,\ud800\udd26,\ud800\udd27"
JSON parse result is correct: 𠄦,𠄧,𐄦,𐄧
PASS
